// Jest Snapshot v1, https://goo.gl/fbAQLP

exports[`Orders should match the snapshot 1`] = `
<section>
  <div
    className="order"
    key="1"
  >
    <h3>
      Emmett
    </h3>
    <ul
      className="ingredient-list"
    >
      <li
        key="beans"
      >
        beans
      </li>
      <li
        key="cheese"
      >
        cheese
      </li>
    </ul>
  </div>
  <div
    className="order"
    key="2"
  >
    <h3>
      Penelope
    </h3>
    <ul
      className="ingredient-list"
    >
      <li
        key="chicken"
      >
        chicken
      </li>
      <li
        key="cheese"
      >
        cheese
      </li>
    </ul>
  </div>
</section>
`;
